{'pebble_type': 'graphite', 'inner_radius': 2.5, 'radius': 111, 'material': {'matrix': {'6000': 0.092257, '5010': 2.28336e-09, '5011': 9.24876e-09}, 'pebshell': {'6000': 0.0661814, '5010': 2.23273e-08, '5011': 9.04368e-07}}, 'x': 111, 'y': 111, 'z': 111, 'r': 111, 'volume_num': 5, 'channel_num': 4, 'mesh_location': 'c4v5', 'temperature': 600, 'shuffled': False, 'previous_universe': 'g0_c4v5', 'burnup': 0.0, 'burnup_j_cm3': 0.0, 'num_passes': 0, 'pass_limit': 5, 'pebble_number': 12345, 'xs_dict': {1500: {'graphite': 'grph1500', 'xs_set': '15c'}, 1200: {'graphite': 'grph1200', 'xs_set': '12c'}, 900: {'graphite': 'grph900', 'xs_set': '09c'}, 600: {'graphite': 'grph600', 'xs_set': '06c'}, 300: {'graphite': 'grph300', 'xs_set': '03c'}}, 'universe': 'g_c4v5', 'xs_library': '06c', 'scattering_library': 'grph600', 'geometry': {'matrix': {'radius': 2.5, 'number_of_instance': 1, 'volume': 65.44984694978736}, 'pebshell': {'radius': 111, 'number_of_instance': 1, 'volume': 5728653.886715267}}}
